This a Test2 text

C:\Users\TKRISHNA>mkdir Test2

C:\Users\TKRISHNA>cd Test2

C:\Users\TKRISHNA\Test2>git init
Initialized empty Git repository in C:/Users/TKRISHNA/Test2/.git/

C:\Users\TKRISHNA\Test2>git add Demo.txt

C:\Users\TKRISHNA\Test2>git status
On branch master

No commits yet

Changes to be committed:
  (use "git rm --cached <file>..." to unstage)
        new file:   Demo.txt


C:\Users\TKRISHNA\Test2>git commit -m"commiting a text file"
[master (root-commit) 34e1177] commiting a text file
 Committer: Krishna <thummalapalli-jaya.krishna@capgemini.com>
Your name and email address were configured automatically based
on your username and hostname. Please check that they are accurate.
You can suppress this message by setting them explicitly. Run the
following command and follow the instructions in your editor to edit
your configuration file:

    git config --global --edit

After doing this, you may fix the identity used for this commit with:

    git commit --amend --reset-author

 1 file changed, 1 insertion(+)
 create mode 100644 Demo.txt

C:\Users\TKRISHNA\Test2>git branch -M branch1

C:\Users\TKRISHNA\Test2>git remote add origin https://github.com/thummalapallikrishna/Dotnet

C:\Users\TKRISHNA\Test2>git push -u origin branch1
Enumerating objects: 3, done.
Counting objects: 100% (3/3), done.
Writing objects: 100% (3/3), 248 bytes | 248.00 KiB/s, done.
Total 3 (delta 0), reused 0 (delta 0), pack-reused 0
To https://github.com/thummalapallikrishna/Dotnet
 * [new branch]      branch1 -> branch1
branch 'branch1' set up to track 'origin/branch1'.

C:\Users\TKRISHNA\Test2>
